// Vitest Snapshot v1, https://vitest.dev/guide/snapshot.html

exports[`Header component > should match to snapshot 1`] = `
.c0 {
  background: transparent;
  padding: 2.5rem;
}

.c1 {
  width: 100%;
  max-width: 1240px;
  margin: 0 auto;
  padding: 0 1.5rem;
  display: -webkit-box;
  display: -webkit-flex;
  display: -ms-flexbox;
  display: flex;
  -webkit-box-pack: justify;
  -webkit-justify-content: space-between;
  -ms-flex-pack: justify;
  justify-content: space-between;
  -webkit-align-items: center;
  -webkit-box-align: center;
  -ms-flex-align: center;
  align-items: center;
}

.c1 h2 {
  -webkit-user-select: none;
  -moz-user-select: none;
  -ms-user-select: none;
  user-select: none;
}

.c1 nav ul {
  display: -webkit-box;
  display: -webkit-flex;
  display: -ms-flexbox;
  display: flex;
  -webkit-align-items: center;
  -webkit-box-align: center;
  -ms-flex-align: center;
  align-items: center;
}

.c1 li {
  list-style: none;
}

.c1 li button {
  background: transparent;
  border: none;
  color: #FFFFFF;
  font-weight: bold;
}

.c1 .user-menu {
  display: -webkit-box;
  display: -webkit-flex;
  display: -ms-flexbox;
  display: flex;
  -webkit-align-items: center;
  -webkit-box-align: center;
  -ms-flex-align: center;
  align-items: center;
  -webkit-box-pack: center;
  -webkit-justify-content: center;
  -ms-flex-pack: center;
  justify-content: center;
  border-right: 1px solid #FFFFFF;
  padding: 0 1.5rem;
}

.c1 .user-menu a + span {
  margin-left: 1rem;
}

.c1 .user-menu a,
.c1 .user-menu span {
  display: inline-block;
  color: #FFFFFF;
  font-weight: bold;
}

.c1 li + li {
  margin-left: 2rem;
}

.c1 li + li button {
  cursor: pointer;
  color: #FFFFFF;
}

.c1 a {
  -webkit-text-decoration: none;
  text-decoration: none;
  color: #FFFFFF;
  font-weight: bold;
}

@media (max-width:700px) {
  .c1 {
    padding: 0 0.5rem;
    display: -webkit-box;
    display: -webkit-flex;
    display: -ms-flexbox;
    display: flex;
    -webkit-box-pack: center;
    -webkit-justify-content: center;
    -ms-flex-pack: center;
    justify-content: center;
    -webkit-align-items: center;
    -webkit-box-align: center;
    -ms-flex-align: center;
    align-items: center;
  }

  .c1 svg {
    margin-right: auto;
    cursor: pointer;
  }

  .c1 div {
    width: 100%;
    border: 1px solid black;
  }

  .c1 div h1 {
    font-size: 1rem;
  }

  .c1 div a {
    font-size: 1rem;
  }
}

<div>
  <header
    class="c0"
  >
    <div
      class="c1"
    >
      <h2>
        EasySchebule
      </h2>
      <nav>
        <ul>
          <li>
            <a
              href="/login"
            >
              Entrar
            </a>
          </li>
          <li>
            <a
              href="/registro"
            >
              Criar conta
            </a>
          </li>
        </ul>
      </nav>
    </div>
  </header>
   
</div>
`;
